/Users/srevi/Library/Python/3.9/lib/python/site-packages/urllib3/__init__.py:35: NotOpenSSLWarning: urllib3 v2 only supports OpenSSL 1.1.1+, currently the 'ssl' module is compiled with 'LibreSSL 2.8.3'. See: https://github.com/urllib3/urllib3/issues/3020
  warnings.warn(

[2026-08-06 19:00:02] Refreshing fuel prices cache...
[fuel-cache] Fetching PFS locations...
[fuel-cache] Fetched 8006 locations
[fuel-cache] Fetching fuel prices...
[fuel-cache] Fetched 7821 prices
[fuel-cache] Total: 7998 valid stations
✗ Supabase upload failed: 409
  Response: {"code":"23505","details":"Key (id)=(current) already exists.","hint":null,"message":"duplicate key value violates unique constraint \"fuel_prices_cache_pkey\""}
/Users/srevi/Library/Python/3.9/lib/python/site-packages/urllib3/__init__.py:35: NotOpenSSLWarning: urllib3 v2 only supports OpenSSL 1.1.1+, currently the 'ssl' module is compiled with 'LibreSSL 2.8.3'. See: https://github.com/urllib3/urllib3/issues/3020
  warnings.warn(

[2026-08-06 19:30:26] Refreshing fuel prices cache...
[fuel-cache] Fetching PFS locations...
[fuel-cache] Fetched 8006 locations
[fuel-cache] Fetching fuel prices...
[fuel-cache] Fetched 7821 prices
[fuel-cache] Total: 7998 valid stations
✗ Supabase upload failed: 409
  Response: {"code":"23505","details":"Key (id)=(current) already exists.","hint":null,"message":"duplicate key value violates unique constraint \"fuel_prices_cache_pkey\""}
/Users/srevi/Library/Python/3.9/lib/python/site-packages/urllib3/__init__.py:35: NotOpenSSLWarning: urllib3 v2 only supports OpenSSL 1.1.1+, currently the 'ssl' module is compiled with 'LibreSSL 2.8.3'. See: https://github.com/urllib3/urllib3/issues/3020
  warnings.warn(

[2026-08-06 21:30:01] Refreshing fuel prices cache...
[fuel-cache] Fetching PFS locations...
[fuel-cache] Fetched 8006 locations
[fuel-cache] Fetching fuel prices...
[fuel-cache] Fetched 7821 prices
[fuel-cache] Total: 7998 valid stations
✗ Supabase upload failed: 409
  Response: {"code":"23505","details":"Key (id)=(current) already exists.","hint":null,"message":"duplicate key value violates unique constraint \"fuel_prices_cache_pkey\""}
/Users/srevi/Library/Python/3.9/lib/python/site-packages/urllib3/__init__.py:35: NotOpenSSLWarning: urllib3 v2 only supports OpenSSL 1.1.1+, currently the 'ssl' module is compiled with 'LibreSSL 2.8.3'. See: https://github.com/urllib3/urllib3/issues/3020
  warnings.warn(

[2026-08-06 23:00:03] Refreshing fuel prices cache...
[fuel-cache] Fetching PFS locations...
[fuel-cache] Fetched 8006 locations
[fuel-cache] Fetching fuel prices...
[fuel-cache] Fetched 7821 prices
[fuel-cache] Total: 7998 valid stations
✗ Supabase upload failed: 409
  Response: {"code":"23505","details":"Key (id)=(current) already exists.","hint":null,"message":"duplicate key value violates unique constraint \"fuel_prices_cache_pkey\""}
/Users/srevi/Library/Python/3.9/lib/python/site-packages/urllib3/__init__.py:35: NotOpenSSLWarning: urllib3 v2 only supports OpenSSL 1.1.1+, currently the 'ssl' module is compiled with 'LibreSSL 2.8.3'. See: https://github.com/urllib3/urllib3/issues/3020
  warnings.warn(

[2026-08-07 08:30:01] Refreshing fuel prices cache...
[fuel-cache] Fetching PFS locations...
[fuel-cache] Fetched 8006 locations
[fuel-cache] Fetching fuel prices...
[fuel-cache] Fetched 7821 prices
[fuel-cache] Total: 7998 valid stations
✗ Supabase upload failed: 409
  Response: {"code":"23505","details":"Key (id)=(current) already exists.","hint":null,"message":"duplicate key value violates unique constraint \"fuel_prices_cache_pkey\""}
/Users/srevi/Library/Python/3.9/lib/python/site-packages/urllib3/__init__.py:35: NotOpenSSLWarning: urllib3 v2 only supports OpenSSL 1.1.1+, currently the 'ssl' module is compiled with 'LibreSSL 2.8.3'. See: https://github.com/urllib3/urllib3/issues/3020
  warnings.warn(

[2026-08-07 09:00:00] Refreshing fuel prices cache...
[fuel-cache] Fetching PFS locations...
[fuel-cache] Fetched 8006 locations
[fuel-cache] Fetching fuel prices...
[fuel-cache] Fetched 0 prices
[fuel-cache] Total: 0 valid stations
✗ No fuel data fetched
